src/domain/use-case/answer-question.ts(11,52): error TS2554: Expected 1-2 arguments, but got 3.
